// Jest Snapshot v1, https://goo.gl/fbAQLP

exports[`InvoiceList should match snapshot 1`] = `
<div>
  <div
    class="MuiBox-root css-10klw3m"
  >
    <ul
      class="MuiList-root MuiList-padding css-1whj2so-MuiList-root"
    >
      <div
        class="MuiButtonBase-root MuiListItemButton-root MuiListItemButton-gutters MuiListItemButton-root MuiListItemButton-gutters css-1m5psy8-MuiButtonBase-root-MuiListItemButton-root"
        role="button"
        tabindex="0"
      >
        <div
          class="MuiListItemText-root css-tlelie-MuiListItemText-root"
        >
          <span
            class="MuiTypography-root MuiTypography-body1 MuiListItemText-primary css-10hburv-MuiTypography-root"
          >
            Neue Abrechnung
          </span>
        </div>
        <span
          class="MuiTouchRipple-root css-8je8zh-MuiTouchRipple-root"
        />
      </div>
      <hr
        class="MuiDivider-root MuiDivider-fullWidth css-9mgopn-MuiDivider-root"
      />
      <div
        class="MuiButtonBase-root MuiListItemButton-root MuiListItemButton-gutters MuiListItemButton-root MuiListItemButton-gutters css-1m5psy8-MuiButtonBase-root-MuiListItemButton-root"
        role="button"
        tabindex="0"
      >
        <div
          class="MuiListItemText-root css-tlelie-MuiListItemText-root"
        >
          <span
            class="MuiTypography-root MuiTypography-body1 MuiListItemText-primary css-10hburv-MuiTypography-root"
          >
            Februar 2023 - März 2023
          </span>
        </div>
        <span
          class="MuiTouchRipple-root css-8je8zh-MuiTouchRipple-root"
        />
      </div>
      <hr
        class="MuiDivider-root MuiDivider-fullWidth css-9mgopn-MuiDivider-root"
      />
      <div
        class="MuiButtonBase-root MuiListItemButton-root MuiListItemButton-gutters Mui-selected MuiListItemButton-root MuiListItemButton-gutters Mui-selected css-1m5psy8-MuiButtonBase-root-MuiListItemButton-root"
        role="button"
        tabindex="0"
      >
        <div
          class="MuiListItemText-root css-tlelie-MuiListItemText-root"
        >
          <span
            class="MuiTypography-root MuiTypography-body1 MuiListItemText-primary css-10hburv-MuiTypography-root"
          >
            März 2023 - April 2023
          </span>
        </div>
        <span
          class="MuiTouchRipple-root css-8je8zh-MuiTouchRipple-root"
        />
      </div>
      <hr
        class="MuiDivider-root MuiDivider-fullWidth css-9mgopn-MuiDivider-root"
      />
      <div
        class="MuiButtonBase-root MuiListItemButton-root MuiListItemButton-gutters MuiListItemButton-root MuiListItemButton-gutters css-1m5psy8-MuiButtonBase-root-MuiListItemButton-root"
        role="button"
        tabindex="0"
      >
        <div
          class="MuiListItemText-root css-tlelie-MuiListItemText-root"
        >
          <span
            class="MuiTypography-root MuiTypography-body1 MuiListItemText-primary css-10hburv-MuiTypography-root"
          >
            April 2023 - Mai 2023
          </span>
        </div>
        <span
          class="MuiTouchRipple-root css-8je8zh-MuiTouchRipple-root"
        />
      </div>
      <hr
        class="MuiDivider-root MuiDivider-fullWidth css-9mgopn-MuiDivider-root"
      />
      <div
        class="MuiButtonBase-root MuiListItemButton-root MuiListItemButton-gutters MuiListItemButton-root MuiListItemButton-gutters css-1m5psy8-MuiButtonBase-root-MuiListItemButton-root"
        role="button"
        tabindex="0"
      >
        <div
          class="MuiListItemText-root css-tlelie-MuiListItemText-root"
        >
          <span
            class="MuiTypography-root MuiTypography-body1 MuiListItemText-primary css-10hburv-MuiTypography-root"
          >
            Mai 2023 - Juni 2023
          </span>
        </div>
        <span
          class="MuiTouchRipple-root css-8je8zh-MuiTouchRipple-root"
        />
      </div>
      <hr
        class="MuiDivider-root MuiDivider-fullWidth css-9mgopn-MuiDivider-root"
      />
      <div
        class="MuiButtonBase-root MuiListItemButton-root MuiListItemButton-gutters MuiListItemButton-root MuiListItemButton-gutters css-1m5psy8-MuiButtonBase-root-MuiListItemButton-root"
        role="button"
        tabindex="0"
      >
        <div
          class="MuiListItemText-root css-tlelie-MuiListItemText-root"
        >
          <span
            class="MuiTypography-root MuiTypography-body1 MuiListItemText-primary css-10hburv-MuiTypography-root"
          >
            Juni 2023 - Juli 2023
          </span>
        </div>
        <span
          class="MuiTouchRipple-root css-8je8zh-MuiTouchRipple-root"
        />
      </div>
    </ul>
  </div>
</div>
`;
