// Jest Snapshot v1, https://goo.gl/fbAQLP

exports[`GenericList should match snapshot 1`] = `
.css-0,
[data-css-0] {
  background-color: red;
  overflow-y: auto;
}

<div>
  <div
    class="genericList testList"
    data-css-0=""
  >
    <div>
      Element 1
    </div>
    <hr
      class="hr"
    />
    <div>
      Element 2
    </div>
    <hr
      class="hr"
    />
    <div>
      Element 3
    </div>
  </div>
</div>
`;
